// Jest Snapshot v1, https://goo.gl/fbAQLP

exports[`Pruebas en CounterApp Debe mostrar <CounterApp/> correctamente 1`] = `
<Fragment>
  <label>
    100
  </label>
  <button
    onClick={[Function]}
  >
    +
  </button>
  <button
    onClick={[Function]}
  >
    -
  </button>
  <button
    onClick={[Function]}
  >
    Reset
  </button>
</Fragment>
`;
